---
source: lib/tests/image_assertions.rs
expression: "&disk.map"
---
NewMap {
    disc_record: DiscRecord {
        log2_sec_size: 10,
        secs_per_track: 5,
        heads: 2,
        density: 2,
        idlen: 15,
        log2_bytes_per_mapbit: 7,
        skew: 1,
        boot_options: 0,
        low_sector: 0,
        num_zones: 1,
        zone_spare: 1312,
        root_dir: DiscPosition {
            val: 515,
            fragment: 2,
            sector no: 2,
        },
        size: 819200,
        disc_id: 8271,
        disc_name: FixedLenString("00_07_Sun "),
        disc_type: 0,
    },
    blocks: [
        MapBlock {
            header: Header {
                zone_check: 186,
                free_link: 592,
                cross_check: 255,
            },
            allocations: AllocationMap {
                blocks: [
                    (
                        BitPosition {
                            val: 512,
                            bytes: 64,
                            bits: 0,
                        },
                        FragmentBlock {
                            id: 2,
                            free_space: false,
                            map_length: 32,
                            position: BitPosition {
                                val: 512,
                                bytes: 64,
                                bits: 0,
                            },
                            disk_region: 0..4096,
                        },
                    ),
                    (
                        BitPosition {
                            val: 544,
                            bytes: 68,
                            bits: 0,
                        },
                        FragmentBlock {
                            id: 3,
                            free_space: false,
                            map_length: 40,
                            position: BitPosition {
                                val: 544,
                                bytes: 68,
                                bits: 0,
                            },
                            disk_region: 4096..9216,
                        },
                    ),
                    (
                        BitPosition {
                            val: 584,
                            bytes: 73,
                            bits: 0,
                        },
                        FragmentBlock {
                            id: 4,
                            free_space: false,
                            map_length: 16,
                            position: BitPosition {
                                val: 584,
                                bytes: 73,
                                bits: 0,
                            },
                            disk_region: 9216..11264,
                        },
                    ),
                    (
                        BitPosition {
                            val: 600,
                            bytes: 75,
                            bits: 0,
                        },
                        FragmentBlock {
                            id: 0,
                            free_space: true,
                            map_length: 6312,
                            position: BitPosition {
                                val: 600,
                                bytes: 75,
                                bits: 0,
                            },
                            disk_region: 11264..819200,
                        },
                    ),
                ],
                fragment_regions: [
                    (
                        0,
                        [
                            11264..819200,
                        ],
                    ),
                    (
                        2,
                        [
                            0..4096,
                        ],
                    ),
                    (
                        3,
                        [
                            4096..9216,
                        ],
                    ),
                    (
                        4,
                        [
                            9216..11264,
                        ],
                    ),
                ],
            },
            _unused: [
                0,
                0,
                0,
                0,
                0,
                0,
                0,
                0,
                0,
                0,
                0,
                0,
                0,
                0,
                0,
                0,
                0,
                0,
                0,
                0,
                0,
                0,
                0,
                0,
                0,
                0,
                0,
                0,
                0,
                0,
                0,
                0,
                0,
                0,
                0,
                0,
                0,
                0,
                0,
                0,
                0,
                0,
                0,
                0,
                0,
                0,
                0,
                0,
                0,
                0,
                0,
                0,
                0,
                0,
                0,
                0,
                0,
                0,
                0,
                0,
                0,
                0,
                0,
                0,
                0,
                0,
                0,
                0,
                0,
                0,
                0,
                0,
                0,
                0,
                0,
                0,
                0,
                0,
                0,
                0,
                0,
                0,
                0,
                0,
                0,
                0,
                0,
                0,
                0,
                0,
                0,
                0,
                0,
                0,
                0,
                0,
                0,
                0,
                0,
                0,
                0,
                0,
                0,
                0,
                0,
                0,
                0,
                0,
                0,
                0,
                0,
                0,
                0,
                0,
                0,
                0,
                0,
                0,
                0,
                0,
                0,
                0,
                0,
                0,
                0,
                0,
                0,
                0,
                0,
                0,
                0,
                0,
                0,
                0,
                0,
                0,
                0,
                0,
                0,
                0,
                0,
                0,
                0,
                0,
                0,
                0,
                0,
                0,
                0,
                0,
                0,
                0,
                0,
                0,
                0,
                0,
                0,
                0,
                0,
                0,
            ],
        },
    ],
}
